[0.007s] Invoking command in '/home/gems/gc4/build/myfk': CMAKE_PREFIX_PATH=${CMAKE_PREFIX_PATH}:/opt/ros/humble /usr/bin/cmake --build /home/gems/gc4/build/myfk -- -j14 -l14
[0.024s] -- Found ament_cmake: 1.3.14 (/opt/ros/humble/share/ament_cmake/cmake)
[0.100s] -- Found rclcpp: 16.0.19 (/opt/ros/humble/share/rclcpp/cmake)
[0.113s] -- Found rosidl_generator_c: 3.1.9 (/opt/ros/humble/share/rosidl_generator_c/cmake)
[0.114s] -- Found rosidl_adapter: 3.1.9 (/opt/ros/humble/share/rosidl_adapter/cmake)
[0.117s] -- Found rosidl_generator_cpp: 3.1.9 (/opt/ros/humble/share/rosidl_generator_cpp/cmake)
[0.121s] -- Using all available rosidl_typesupport_c: rosidl_typesupport_fastrtps_c;rosidl_typesupport_introspection_c
[0.127s] -- Using all available rosidl_typesupport_cpp: rosidl_typesupport_fastrtps_cpp;rosidl_typesupport_introspection_cpp
[0.142s] -- Found rmw_implementation_cmake: 6.1.3 (/opt/ros/humble/share/rmw_implementation_cmake/cmake)
[0.142s] -- Found rmw_fastrtps_cpp: 6.2.10 (/opt/ros/humble/share/rmw_fastrtps_cpp/cmake)
[0.199s] -- Using RMW implementation 'rmw_fastrtps_cpp' as default
[0.221s] -- Found geometry_msgs: 4.9.2 (/opt/ros/humble/share/geometry_msgs/cmake)
[0.227s] -- Found sensor_msgs: 4.9.2 (/opt/ros/humble/share/sensor_msgs/cmake)
[0.237s] -- Found visualization_msgs: 4.9.2 (/opt/ros/humble/share/visualization_msgs/cmake)
[0.249s] -- Found ament_lint_auto: 0.12.15 (/opt/ros/humble/share/ament_lint_auto/cmake)
[0.291s] -- Added test 'cppcheck' to perform static code analysis on C / C++ code
[0.291s] -- Configured cppcheck include dirs: $<BUILD_INTERFACE:/home/gems/gc4/src/myfk/include>
[0.291s] -- Configured cppcheck exclude dirs and/or files: 
[0.291s] -- Added test 'lint_cmake' to check CMake code style
[0.292s] -- Added test 'uncrustify' to check C / C++ code style
[0.292s] -- Configured uncrustify additional arguments: 
[0.292s] -- Added test 'xmllint' to check XML markup files
[0.292s] -- Configuring done
[0.297s] -- Generating done
[0.299s] -- Build files have been written to: /home/gems/gc4/build/myfk
[0.325s] Consolidate compiler generated dependencies of target myfk_node
[0.333s] [ 50%] Building CXX object CMakeFiles/myfk_node.dir/src/myfk_node.cpp.o
[6.682s] [100%] Linking CXX executable myfk_node
[6.786s] [100%] Built target myfk_node
[6.800s] Invoked command in '/home/gems/gc4/build/myfk' returned '0': CMAKE_PREFIX_PATH=${CMAKE_PREFIX_PATH}:/opt/ros/humble /usr/bin/cmake --build /home/gems/gc4/build/myfk -- -j14 -l14
[6.804s] Invoking command in '/home/gems/gc4/build/myfk': CMAKE_PREFIX_PATH=${CMAKE_PREFIX_PATH}:/opt/ros/humble /usr/bin/cmake --install /home/gems/gc4/build/myfk
[6.806s] -- Install configuration: "Release"
[6.806s] -- Installing: /home/gems/gc4/install/myfk/lib/myfk/myfk_node
[6.806s] -- Set runtime path of "/home/gems/gc4/install/myfk/lib/myfk/myfk_node" to ""
[6.806s] -- Installing: /home/gems/gc4/install/myfk/share/ament_index/resource_index/package_run_dependencies/myfk
[6.807s] -- Installing: /home/gems/gc4/install/myfk/share/ament_index/resource_index/parent_prefix_path/myfk
[6.807s] -- Installing: /home/gems/gc4/install/myfk/share/myfk/environment/ament_prefix_path.sh
[6.807s] -- Installing: /home/gems/gc4/install/myfk/share/myfk/environment/ament_prefix_path.dsv
[6.807s] -- Installing: /home/gems/gc4/install/myfk/share/myfk/environment/path.sh
[6.807s] -- Installing: /home/gems/gc4/install/myfk/share/myfk/environment/path.dsv
[6.807s] -- Installing: /home/gems/gc4/install/myfk/share/myfk/local_setup.bash
[6.807s] -- Installing: /home/gems/gc4/install/myfk/share/myfk/local_setup.sh
[6.807s] -- Installing: /home/gems/gc4/install/myfk/share/myfk/local_setup.zsh
[6.807s] -- Installing: /home/gems/gc4/install/myfk/share/myfk/local_setup.dsv
[6.808s] -- Installing: /home/gems/gc4/install/myfk/share/myfk/package.dsv
[6.808s] -- Installing: /home/gems/gc4/install/myfk/share/ament_index/resource_index/packages/myfk
[6.808s] -- Installing: /home/gems/gc4/install/myfk/share/myfk/cmake/myfkConfig.cmake
[6.808s] -- Installing: /home/gems/gc4/install/myfk/share/myfk/cmake/myfkConfig-version.cmake
[6.808s] -- Installing: /home/gems/gc4/install/myfk/share/myfk/package.xml
[6.809s] Invoked command in '/home/gems/gc4/build/myfk' returned '0': CMAKE_PREFIX_PATH=${CMAKE_PREFIX_PATH}:/opt/ros/humble /usr/bin/cmake --install /home/gems/gc4/build/myfk
