[0.005s] Invoking command in '/home/gems/gc4/build/myik': CMAKE_PREFIX_PATH=${CMAKE_PREFIX_PATH}:/opt/ros/humble /usr/bin/cmake --build /home/gems/gc4/build/myik -- -j14 -l14
[0.023s] -- Found ament_cmake: 1.3.14 (/opt/ros/humble/share/ament_cmake/cmake)
[0.103s] -- Found rclcpp: 16.0.19 (/opt/ros/humble/share/rclcpp/cmake)
[0.118s] -- Found rosidl_generator_c: 3.1.9 (/opt/ros/humble/share/rosidl_generator_c/cmake)
[0.119s] -- Found rosidl_adapter: 3.1.9 (/opt/ros/humble/share/rosidl_adapter/cmake)
[0.121s] -- Found rosidl_generator_cpp: 3.1.9 (/opt/ros/humble/share/rosidl_generator_cpp/cmake)
[0.126s] -- Using all available rosidl_typesupport_c: rosidl_typesupport_fastrtps_c;rosidl_typesupport_introspection_c
[0.132s] -- Using all available rosidl_typesupport_cpp: rosidl_typesupport_fastrtps_cpp;rosidl_typesupport_introspection_cpp
[0.147s] -- Found rmw_implementation_cmake: 6.1.3 (/opt/ros/humble/share/rmw_implementation_cmake/cmake)
[0.148s] -- Found rmw_fastrtps_cpp: 6.2.10 (/opt/ros/humble/share/rmw_fastrtps_cpp/cmake)
[0.208s] -- Using RMW implementation 'rmw_fastrtps_cpp' as default
[0.231s] -- Found geometry_msgs: 4.9.2 (/opt/ros/humble/share/geometry_msgs/cmake)
[0.236s] -- Found sensor_msgs: 4.9.2 (/opt/ros/humble/share/sensor_msgs/cmake)
[0.248s] -- Found visualization_msgs: 4.9.2 (/opt/ros/humble/share/visualization_msgs/cmake)
[0.256s] -- Found ament_lint_auto: 0.12.15 (/opt/ros/humble/share/ament_lint_auto/cmake)
[0.293s] -- Added test 'cppcheck' to perform static code analysis on C / C++ code
[0.293s] -- Configured cppcheck include dirs: 
[0.293s] -- Configured cppcheck exclude dirs and/or files: 
[0.293s] -- Added test 'lint_cmake' to check CMake code style
[0.293s] -- Added test 'uncrustify' to check C / C++ code style
[0.294s] -- Configured uncrustify additional arguments: 
[0.294s] -- Added test 'xmllint' to check XML markup files
[0.294s] -- Configuring done
[0.299s] -- Generating done
[0.300s] -- Build files have been written to: /home/gems/gc4/build/myik
[0.320s] Consolidate compiler generated dependencies of target my_ik_node
[0.328s] [ 50%] Building CXX object CMakeFiles/my_ik_node.dir/src/my_ik_node.cpp.o
[6.327s] [100%] Linking CXX executable my_ik_node
[6.421s] [100%] Built target my_ik_node
[6.433s] Invoked command in '/home/gems/gc4/build/myik' returned '0': CMAKE_PREFIX_PATH=${CMAKE_PREFIX_PATH}:/opt/ros/humble /usr/bin/cmake --build /home/gems/gc4/build/myik -- -j14 -l14
[6.434s] Invoking command in '/home/gems/gc4/build/myik': CMAKE_PREFIX_PATH=${CMAKE_PREFIX_PATH}:/opt/ros/humble /usr/bin/cmake --install /home/gems/gc4/build/myik
[6.439s] -- Install configuration: "Release"
[6.439s] -- Installing: /home/gems/gc4/install/myik/lib/myik/my_ik_node
[6.440s] -- Set runtime path of "/home/gems/gc4/install/myik/lib/myik/my_ik_node" to ""
[6.440s] -- Installing: /home/gems/gc4/install/myik/share/ament_index/resource_index/package_run_dependencies/myik
[6.440s] -- Installing: /home/gems/gc4/install/myik/share/ament_index/resource_index/parent_prefix_path/myik
[6.440s] -- Installing: /home/gems/gc4/install/myik/share/myik/environment/ament_prefix_path.sh
[6.440s] -- Installing: /home/gems/gc4/install/myik/share/myik/environment/ament_prefix_path.dsv
[6.440s] -- Installing: /home/gems/gc4/install/myik/share/myik/environment/path.sh
[6.440s] -- Installing: /home/gems/gc4/install/myik/share/myik/environment/path.dsv
[6.440s] -- Installing: /home/gems/gc4/install/myik/share/myik/local_setup.bash
[6.440s] -- Installing: /home/gems/gc4/install/myik/share/myik/local_setup.sh
[6.440s] -- Installing: /home/gems/gc4/install/myik/share/myik/local_setup.zsh
[6.440s] -- Installing: /home/gems/gc4/install/myik/share/myik/local_setup.dsv
[6.440s] -- Installing: /home/gems/gc4/install/myik/share/myik/package.dsv
[6.440s] -- Installing: /home/gems/gc4/install/myik/share/ament_index/resource_index/packages/myik
[6.441s] -- Installing: /home/gems/gc4/install/myik/share/myik/cmake/myikConfig.cmake
[6.441s] -- Installing: /home/gems/gc4/install/myik/share/myik/cmake/myikConfig-version.cmake
[6.441s] -- Installing: /home/gems/gc4/install/myik/share/myik/package.xml
[6.444s] Invoked command in '/home/gems/gc4/build/myik' returned '0': CMAKE_PREFIX_PATH=${CMAKE_PREFIX_PATH}:/opt/ros/humble /usr/bin/cmake --install /home/gems/gc4/build/myik
