[0.008s] Invoking command in '/home/gems/gc4/build/myik': CMAKE_PREFIX_PATH=${CMAKE_PREFIX_PATH}:/opt/ros/humble /usr/bin/cmake /home/gems/gc4/src/myik -DCMAKE_BUILD_TYPE=Release -DCMAKE_INSTALL_PREFIX=/home/gems/gc4/install/myik
[0.070s] -- The C compiler identification is GNU 11.4.0
[0.127s] -- The CXX compiler identification is GNU 11.4.0
[0.133s] -- Detecting C compiler ABI info
[0.187s] -- Detecting C compiler ABI info - done
[0.191s] -- Check for working C compiler: /usr/bin/cc - skipped
[0.191s] -- Detecting C compile features
[0.192s] -- Detecting C compile features - done
[0.193s] -- Detecting CXX compiler ABI info
[0.251s] -- Detecting CXX compiler ABI info - done
[0.255s] -- Check for working CXX compiler: /usr/bin/c++ - skipped
[0.256s] -- Detecting CXX compile features
[0.256s] -- Detecting CXX compile features - done
[0.263s] -- Found ament_cmake: 1.3.14 (/opt/ros/humble/share/ament_cmake/cmake)
[0.361s] -- Found Python3: /usr/bin/python3 (found version "3.10.12") found components: Interpreter 
[0.418s] -- Found rclcpp: 16.0.19 (/opt/ros/humble/share/rclcpp/cmake)
[0.450s] -- Found rosidl_generator_c: 3.1.9 (/opt/ros/humble/share/rosidl_generator_c/cmake)
[0.453s] -- Found rosidl_adapter: 3.1.9 (/opt/ros/humble/share/rosidl_adapter/cmake)
[0.459s] -- Found rosidl_generator_cpp: 3.1.9 (/opt/ros/humble/share/rosidl_generator_cpp/cmake)
[0.467s] -- Using all available rosidl_typesupport_c: rosidl_typesupport_fastrtps_c;rosidl_typesupport_introspection_c
[0.476s] -- Using all available rosidl_typesupport_cpp: rosidl_typesupport_fastrtps_cpp;rosidl_typesupport_introspection_cpp
[0.506s] -- Found rmw_implementation_cmake: 6.1.3 (/opt/ros/humble/share/rmw_implementation_cmake/cmake)
[0.508s] -- Found rmw_fastrtps_cpp: 6.2.10 (/opt/ros/humble/share/rmw_fastrtps_cpp/cmake)
[0.595s] -- Found OpenSSL: /usr/lib/x86_64-linux-gnu/libcrypto.so (found version "3.0.2")  
[0.617s] -- Found FastRTPS: /opt/ros/humble/include  
[0.644s] -- Using RMW implementation 'rmw_fastrtps_cpp' as default
[0.649s] -- Looking for pthread.h
[0.717s] -- Looking for pthread.h - found
[0.717s] -- Performing Test CMAKE_HAVE_LIBC_PTHREAD
[0.786s] -- Performing Test CMAKE_HAVE_LIBC_PTHREAD - Success
[0.786s] -- Found Threads: TRUE  
[0.829s] -- Found geometry_msgs: 4.9.2 (/opt/ros/humble/share/geometry_msgs/cmake)
[0.835s] -- Found sensor_msgs: 4.9.2 (/opt/ros/humble/share/sensor_msgs/cmake)
[0.857s] -- Found ament_lint_auto: 0.12.15 (/opt/ros/humble/share/ament_lint_auto/cmake)
[0.896s] -- Added test 'cppcheck' to perform static code analysis on C / C++ code
[0.896s] -- Configured cppcheck include dirs: 
[0.896s] -- Configured cppcheck exclude dirs and/or files: 
[0.897s] -- Added test 'lint_cmake' to check CMake code style
[0.897s] -- Added test 'uncrustify' to check C / C++ code style
[0.897s] -- Configured uncrustify additional arguments: 
[0.897s] -- Added test 'xmllint' to check XML markup files
[0.898s] -- Configuring done
[0.911s] -- Generating done
[0.912s] -- Build files have been written to: /home/gems/gc4/build/myik
[0.918s] Invoked command in '/home/gems/gc4/build/myik' returned '0': CMAKE_PREFIX_PATH=${CMAKE_PREFIX_PATH}:/opt/ros/humble /usr/bin/cmake /home/gems/gc4/src/myik -DCMAKE_BUILD_TYPE=Release -DCMAKE_INSTALL_PREFIX=/home/gems/gc4/install/myik
[0.920s] Invoking command in '/home/gems/gc4/build/myik': CMAKE_PREFIX_PATH=${CMAKE_PREFIX_PATH}:/opt/ros/humble /usr/bin/cmake --build /home/gems/gc4/build/myik -- -j14 -l14
[0.965s] [ 25%] Automatic MOC for target my_ik_node
[1.201s] [ 25%] Built target my_ik_node_autogen
[1.220s] [ 75%] Building CXX object CMakeFiles/my_ik_node.dir/my_ik_node_autogen/mocs_compilation.cpp.o
[1.220s] [ 75%] Building CXX object CMakeFiles/my_ik_node.dir/src/my_ik_node.cpp.o
[2.658s] /home/gems/gc4/src/myik/src/my_ik_node.cpp: In member function ‘bool MyIKNode::solve(double, double, double, std::array<double, 4>&)’:
[2.658s] /home/gems/gc4/src/myik/src/my_ik_node.cpp:171:10: warning: variable ‘clamped’ set but not used [-Wunused-but-set-variable]
[2.658s]   171 |     bool clamped = false;
[2.658s]       |          ^~~~~~~
[7.031s] [100%] Linking CXX executable my_ik_node
[7.367s] [100%] Built target my_ik_node
