[0.008s] Invoking command in '/home/gems/gc4/build/myfk': CMAKE_PREFIX_PATH=${CMAKE_PREFIX_PATH}:/opt/ros/humble /usr/bin/cmake /home/gems/gc4/src/myfk -DCMAKE_BUILD_TYPE=Release -DCMAKE_INSTALL_PREFIX=/home/gems/gc4/install/myfk
[0.072s] -- The C compiler identification is GNU 11.4.0
[0.130s] -- The CXX compiler identification is GNU 11.4.0
[0.137s] -- Detecting C compiler ABI info
[0.188s] -- Detecting C compiler ABI info - done
[0.192s] -- Check for working C compiler: /usr/bin/cc - skipped
[0.193s] -- Detecting C compile features
[0.194s] -- Detecting C compile features - done
[0.195s] -- Detecting CXX compiler ABI info
[0.260s] -- Detecting CXX compiler ABI info - done
[0.265s] -- Check for working CXX compiler: /usr/bin/c++ - skipped
[0.265s] -- Detecting CXX compile features
[0.265s] -- Detecting CXX compile features - done
[0.268s] -- Found ament_cmake: 1.3.14 (/opt/ros/humble/share/ament_cmake/cmake)
[0.365s] -- Found Python3: /usr/bin/python3 (found version "3.10.12") found components: Interpreter 
[0.422s] -- Found rclcpp: 16.0.19 (/opt/ros/humble/share/rclcpp/cmake)
[0.454s] -- Found rosidl_generator_c: 3.1.9 (/opt/ros/humble/share/rosidl_generator_c/cmake)
[0.457s] -- Found rosidl_adapter: 3.1.9 (/opt/ros/humble/share/rosidl_adapter/cmake)
[0.462s] -- Found rosidl_generator_cpp: 3.1.9 (/opt/ros/humble/share/rosidl_generator_cpp/cmake)
[0.471s] -- Using all available rosidl_typesupport_c: rosidl_typesupport_fastrtps_c;rosidl_typesupport_introspection_c
[0.480s] -- Using all available rosidl_typesupport_cpp: rosidl_typesupport_fastrtps_cpp;rosidl_typesupport_introspection_cpp
[0.510s] -- Found rmw_implementation_cmake: 6.1.3 (/opt/ros/humble/share/rmw_implementation_cmake/cmake)
[0.511s] -- Found rmw_fastrtps_cpp: 6.2.10 (/opt/ros/humble/share/rmw_fastrtps_cpp/cmake)
[0.598s] -- Found OpenSSL: /usr/lib/x86_64-linux-gnu/libcrypto.so (found version "3.0.2")  
[0.621s] -- Found FastRTPS: /opt/ros/humble/include  
[0.645s] -- Using RMW implementation 'rmw_fastrtps_cpp' as default
[0.653s] -- Looking for pthread.h
[0.721s] -- Looking for pthread.h - found
[0.721s] -- Performing Test CMAKE_HAVE_LIBC_PTHREAD
[0.790s] -- Performing Test CMAKE_HAVE_LIBC_PTHREAD - Success
[0.791s] -- Found Threads: TRUE  
[0.830s] -- Found geometry_msgs: 4.9.2 (/opt/ros/humble/share/geometry_msgs/cmake)
[0.838s] -- Found sensor_msgs: 4.9.2 (/opt/ros/humble/share/sensor_msgs/cmake)
[0.849s] -- Found ament_lint_auto: 0.12.15 (/opt/ros/humble/share/ament_lint_auto/cmake)
[0.894s] -- Added test 'cppcheck' to perform static code analysis on C / C++ code
[0.894s] -- Configured cppcheck include dirs: $<BUILD_INTERFACE:/home/gems/gc4/src/myfk/include>
[0.894s] -- Configured cppcheck exclude dirs and/or files: 
[0.895s] -- Added test 'lint_cmake' to check CMake code style
[0.896s] -- Added test 'uncrustify' to check C / C++ code style
[0.896s] -- Configured uncrustify additional arguments: 
[0.896s] -- Added test 'xmllint' to check XML markup files
[0.898s] -- Configuring done
[0.902s] -- Generating done
[0.904s] -- Build files have been written to: /home/gems/gc4/build/myfk
[0.911s] Invoked command in '/home/gems/gc4/build/myfk' returned '0': CMAKE_PREFIX_PATH=${CMAKE_PREFIX_PATH}:/opt/ros/humble /usr/bin/cmake /home/gems/gc4/src/myfk -DCMAKE_BUILD_TYPE=Release -DCMAKE_INSTALL_PREFIX=/home/gems/gc4/install/myfk
[0.911s] Invoking command in '/home/gems/gc4/build/myfk': CMAKE_PREFIX_PATH=${CMAKE_PREFIX_PATH}:/opt/ros/humble /usr/bin/cmake --build /home/gems/gc4/build/myfk -- -j14 -l14
[0.952s] [ 50%] Building CXX object CMakeFiles/myfk_node.dir/src/myfk_node.cpp.o
[2.216s] /home/gems/gc4/src/myfk/src/myfk_node.cpp: In member function ‘void MyFkNode::jointCallback(sensor_msgs::msg::JointState_<std::allocator<void> >::SharedPtr)’:
[2.216s] /home/gems/gc4/src/myfk/src/myfk_node.cpp:138:50: error: operands to ‘?:’ have different types ‘rclcpp::Time’ and ‘std_msgs::msg::Header_<std::allocator<void> >::_stamp_type’ {aka ‘builtin_interfaces::msg::Time_<std::allocator<void> >’}
[2.216s]   138 |     ps.header.stamp = msg->header.stamp.sec == 0 ? this->now() : msg->header.stamp;
[2.216s]       |                       ~~~~~~~~~~~~~~~~~~~~~~~~~~~^~~~~~~~~~~~~~~~~~~~~~~~~~~~~~~~~
[2.216s] /home/gems/gc4/src/myfk/src/myfk_node.cpp:138:50: note:   and each type can be converted to the other
[3.605s] gmake[2]: *** [CMakeFiles/myfk_node.dir/build.make:76：CMakeFiles/myfk_node.dir/src/myfk_node.cpp.o] 错误 1
[3.605s] gmake[1]: *** [CMakeFiles/Makefile2:137：CMakeFiles/myfk_node.dir/all] 错误 2
[3.605s] gmake: *** [Makefile:146：all] 错误 2
[3.608s] Invoked command in '/home/gems/gc4/build/myfk' returned '2': CMAKE_PREFIX_PATH=${CMAKE_PREFIX_PATH}:/opt/ros/humble /usr/bin/cmake --build /home/gems/gc4/build/myfk -- -j14 -l14
