[0.007s] Invoking command in '/home/gems/gc4/build/myik': CMAKE_PREFIX_PATH=${CMAKE_PREFIX_PATH}:/opt/ros/humble /usr/bin/cmake /home/gems/gc4/src/myik -DCMAKE_INSTALL_PREFIX=/home/gems/gc4/install/myik
[0.013s] -- Found ament_cmake: 1.3.14 (/opt/ros/humble/share/ament_cmake/cmake)
[0.087s] -- Found rclcpp: 16.0.19 (/opt/ros/humble/share/rclcpp/cmake)
[0.102s] -- Found rosidl_generator_c: 3.1.9 (/opt/ros/humble/share/rosidl_generator_c/cmake)
[0.103s] -- Found rosidl_adapter: 3.1.9 (/opt/ros/humble/share/rosidl_adapter/cmake)
[0.106s] -- Found rosidl_generator_cpp: 3.1.9 (/opt/ros/humble/share/rosidl_generator_cpp/cmake)
[0.110s] -- Using all available rosidl_typesupport_c: rosidl_typesupport_fastrtps_c;rosidl_typesupport_introspection_c
[0.116s] -- Using all available rosidl_typesupport_cpp: rosidl_typesupport_fastrtps_cpp;rosidl_typesupport_introspection_cpp
[0.131s] -- Found rmw_implementation_cmake: 6.1.3 (/opt/ros/humble/share/rmw_implementation_cmake/cmake)
[0.131s] -- Found rmw_fastrtps_cpp: 6.2.10 (/opt/ros/humble/share/rmw_fastrtps_cpp/cmake)
[0.188s] -- Using RMW implementation 'rmw_fastrtps_cpp' as default
[0.211s] -- Found geometry_msgs: 4.9.2 (/opt/ros/humble/share/geometry_msgs/cmake)
[0.217s] -- Found sensor_msgs: 4.9.2 (/opt/ros/humble/share/sensor_msgs/cmake)
[0.224s] -- Found visualization_msgs: 4.9.2 (/opt/ros/humble/share/visualization_msgs/cmake)
[0.234s] -- Found ament_lint_auto: 0.12.15 (/opt/ros/humble/share/ament_lint_auto/cmake)
[0.271s] -- Added test 'cppcheck' to perform static code analysis on C / C++ code
[0.271s] -- Configured cppcheck include dirs: 
[0.271s] -- Configured cppcheck exclude dirs and/or files: 
[0.272s] -- Added test 'lint_cmake' to check CMake code style
[0.272s] -- Added test 'uncrustify' to check C / C++ code style
[0.272s] -- Configured uncrustify additional arguments: 
[0.272s] -- Added test 'xmllint' to check XML markup files
[0.272s] -- Configuring done
[0.277s] -- Generating done
[0.279s] -- Build files have been written to: /home/gems/gc4/build/myik
[0.285s] Invoked command in '/home/gems/gc4/build/myik' returned '0': CMAKE_PREFIX_PATH=${CMAKE_PREFIX_PATH}:/opt/ros/humble /usr/bin/cmake /home/gems/gc4/src/myik -DCMAKE_INSTALL_PREFIX=/home/gems/gc4/install/myik
[0.286s] Invoking command in '/home/gems/gc4/build/myik': CMAKE_PREFIX_PATH=${CMAKE_PREFIX_PATH}:/opt/ros/humble /usr/bin/cmake --build /home/gems/gc4/build/myik -- -j14 -l14
[0.313s] Consolidate compiler generated dependencies of target my_ik_node
[0.323s] [100%] Built target my_ik_node
[0.343s] Invoked command in '/home/gems/gc4/build/myik' returned '0': CMAKE_PREFIX_PATH=${CMAKE_PREFIX_PATH}:/opt/ros/humble /usr/bin/cmake --build /home/gems/gc4/build/myik -- -j14 -l14
[0.343s] Invoking command in '/home/gems/gc4/build/myik': CMAKE_PREFIX_PATH=${CMAKE_PREFIX_PATH}:/opt/ros/humble /usr/bin/cmake --install /home/gems/gc4/build/myik
[0.355s] -- Install configuration: "Release"
[0.355s] -- Up-to-date: /home/gems/gc4/install/myik/lib/myik/my_ik_node
[0.355s] -- Up-to-date: /home/gems/gc4/install/myik/share/ament_index/resource_index/package_run_dependencies/myik
[0.355s] -- Up-to-date: /home/gems/gc4/install/myik/share/ament_index/resource_index/parent_prefix_path/myik
[0.355s] -- Up-to-date: /home/gems/gc4/install/myik/share/myik/environment/ament_prefix_path.sh
[0.355s] -- Installing: /home/gems/gc4/install/myik/share/myik/environment/ament_prefix_path.dsv
[0.361s] -- Up-to-date: /home/gems/gc4/install/myik/share/myik/environment/path.sh
[0.361s] -- Installing: /home/gems/gc4/install/myik/share/myik/environment/path.dsv
[0.361s] -- Up-to-date: /home/gems/gc4/install/myik/share/myik/local_setup.bash
[0.361s] -- Up-to-date: /home/gems/gc4/install/myik/share/myik/local_setup.sh
[0.361s] -- Up-to-date: /home/gems/gc4/install/myik/share/myik/local_setup.zsh
[0.362s] -- Installing: /home/gems/gc4/install/myik/share/myik/local_setup.dsv
[0.362s] -- Installing: /home/gems/gc4/install/myik/share/myik/package.dsv
[0.362s] -- Up-to-date: /home/gems/gc4/install/myik/share/ament_index/resource_index/packages/myik
[0.362s] -- Up-to-date: /home/gems/gc4/install/myik/share/myik/cmake/myikConfig.cmake
[0.363s] -- Up-to-date: /home/gems/gc4/install/myik/share/myik/cmake/myikConfig-version.cmake
[0.363s] -- Up-to-date: /home/gems/gc4/install/myik/share/myik/package.xml
[0.363s] Invoked command in '/home/gems/gc4/build/myik' returned '0': CMAKE_PREFIX_PATH=${CMAKE_PREFIX_PATH}:/opt/ros/humble /usr/bin/cmake --install /home/gems/gc4/build/myik
