[0.009s] Invoking command in '/home/gems/gc4/build/myfk': CMAKE_PREFIX_PATH=${CMAKE_PREFIX_PATH}:/opt/ros/humble /usr/bin/cmake /home/gems/gc4/src/myfk -DCMAKE_INSTALL_PREFIX=/home/gems/gc4/install/myfk
[0.015s] -- Found ament_cmake: 1.3.14 (/opt/ros/humble/share/ament_cmake/cmake)
[0.091s] -- Found rclcpp: 16.0.19 (/opt/ros/humble/share/rclcpp/cmake)
[0.106s] -- Found rosidl_generator_c: 3.1.9 (/opt/ros/humble/share/rosidl_generator_c/cmake)
[0.107s] -- Found rosidl_adapter: 3.1.9 (/opt/ros/humble/share/rosidl_adapter/cmake)
[0.110s] -- Found rosidl_generator_cpp: 3.1.9 (/opt/ros/humble/share/rosidl_generator_cpp/cmake)
[0.114s] -- Using all available rosidl_typesupport_c: rosidl_typesupport_fastrtps_c;rosidl_typesupport_introspection_c
[0.120s] -- Using all available rosidl_typesupport_cpp: rosidl_typesupport_fastrtps_cpp;rosidl_typesupport_introspection_cpp
[0.135s] -- Found rmw_implementation_cmake: 6.1.3 (/opt/ros/humble/share/rmw_implementation_cmake/cmake)
[0.135s] -- Found rmw_fastrtps_cpp: 6.2.10 (/opt/ros/humble/share/rmw_fastrtps_cpp/cmake)
[0.191s] -- Using RMW implementation 'rmw_fastrtps_cpp' as default
[0.214s] -- Found geometry_msgs: 4.9.2 (/opt/ros/humble/share/geometry_msgs/cmake)
[0.220s] -- Found sensor_msgs: 4.9.2 (/opt/ros/humble/share/sensor_msgs/cmake)
[0.228s] -- Found visualization_msgs: 4.9.2 (/opt/ros/humble/share/visualization_msgs/cmake)
[0.238s] -- Found ament_lint_auto: 0.12.15 (/opt/ros/humble/share/ament_lint_auto/cmake)
[0.276s] -- Added test 'cppcheck' to perform static code analysis on C / C++ code
[0.276s] -- Configured cppcheck include dirs: $<BUILD_INTERFACE:/home/gems/gc4/src/myfk/include>
[0.276s] -- Configured cppcheck exclude dirs and/or files: 
[0.276s] -- Added test 'flake8' to check Python code syntax and style conventions
[0.276s] -- Added test 'lint_cmake' to check CMake code style
[0.277s] -- Added test 'pep257' to check Python code against some of the docstring style conventions in PEP 257
[0.277s] -- Added test 'uncrustify' to check C / C++ code style
[0.277s] -- Configured uncrustify additional arguments: 
[0.277s] -- Added test 'xmllint' to check XML markup files
[0.278s] -- Configuring done
[0.283s] -- Generating done
[0.286s] -- Build files have been written to: /home/gems/gc4/build/myfk
[0.292s] Invoked command in '/home/gems/gc4/build/myfk' returned '0': CMAKE_PREFIX_PATH=${CMAKE_PREFIX_PATH}:/opt/ros/humble /usr/bin/cmake /home/gems/gc4/src/myfk -DCMAKE_INSTALL_PREFIX=/home/gems/gc4/install/myfk
[0.292s] Invoking command in '/home/gems/gc4/build/myfk': CMAKE_PREFIX_PATH=${CMAKE_PREFIX_PATH}:/opt/ros/humble /usr/bin/cmake --build /home/gems/gc4/build/myfk -- -j14 -l14
[0.318s] Consolidate compiler generated dependencies of target myfk_node
[0.328s] [100%] Built target myfk_node
[0.336s] Invoked command in '/home/gems/gc4/build/myfk' returned '0': CMAKE_PREFIX_PATH=${CMAKE_PREFIX_PATH}:/opt/ros/humble /usr/bin/cmake --build /home/gems/gc4/build/myfk -- -j14 -l14
[0.345s] Invoking command in '/home/gems/gc4/build/myfk': CMAKE_PREFIX_PATH=${CMAKE_PREFIX_PATH}:/opt/ros/humble /usr/bin/cmake --install /home/gems/gc4/build/myfk
[0.351s] -- Install configuration: "Release"
[0.351s] -- Up-to-date: /home/gems/gc4/install/myfk/lib/myfk/myfk_node
[0.351s] -- Installing: /home/gems/gc4/install/myfk/share/myfk/launch
[0.351s] -- Installing: /home/gems/gc4/install/myfk/share/myfk/launch/arm_kinematics.launch.py
[0.351s] -- Installing: /home/gems/gc4/install/myfk/share/myfk/rviz
[0.351s] -- Installing: /home/gems/gc4/install/myfk/share/myfk/rviz/arm_kinematics.rviz
[0.351s] -- Up-to-date: /home/gems/gc4/install/myfk/share/ament_index/resource_index/package_run_dependencies/myfk
[0.351s] -- Up-to-date: /home/gems/gc4/install/myfk/share/ament_index/resource_index/parent_prefix_path/myfk
[0.351s] -- Up-to-date: /home/gems/gc4/install/myfk/share/myfk/environment/ament_prefix_path.sh
[0.353s] -- Installing: /home/gems/gc4/install/myfk/share/myfk/environment/ament_prefix_path.dsv
[0.353s] -- Up-to-date: /home/gems/gc4/install/myfk/share/myfk/environment/path.sh
[0.353s] -- Installing: /home/gems/gc4/install/myfk/share/myfk/environment/path.dsv
[0.353s] -- Up-to-date: /home/gems/gc4/install/myfk/share/myfk/local_setup.bash
[0.356s] -- Up-to-date: /home/gems/gc4/install/myfk/share/myfk/local_setup.sh
[0.357s] -- Up-to-date: /home/gems/gc4/install/myfk/share/myfk/local_setup.zsh
[0.357s] -- Installing: /home/gems/gc4/install/myfk/share/myfk/local_setup.dsv
[0.358s] -- Installing: /home/gems/gc4/install/myfk/share/myfk/package.dsv
[0.359s] -- Up-to-date: /home/gems/gc4/install/myfk/share/ament_index/resource_index/packages/myfk
[0.359s] -- Up-to-date: /home/gems/gc4/install/myfk/share/myfk/cmake/myfkConfig.cmake
[0.359s] -- Up-to-date: /home/gems/gc4/install/myfk/share/myfk/cmake/myfkConfig-version.cmake
[0.359s] -- Up-to-date: /home/gems/gc4/install/myfk/share/myfk/package.xml
[0.359s] Invoked command in '/home/gems/gc4/build/myfk' returned '0': CMAKE_PREFIX_PATH=${CMAKE_PREFIX_PATH}:/opt/ros/humble /usr/bin/cmake --install /home/gems/gc4/build/myfk
